// Jest Snapshot v1, https://goo.gl/fbAQLP

exports[`App Should create valid snapshot 1`] = `ReactWrapper {}`;
