// Jest Snapshot v1, https://goo.gl/fbAQLP

exports[`Festivals  should render the component correctly  1`] = `ReactWrapper {}`;
